// Jest Snapshot v1, https://goo.gl/fbAQLP

exports[`Menu snapshot 1`] = `"<div style=\\"display:flex;align-items:center;width:auto;min-height:80px;border-width:0;border-bottom-width:3px;border-color:black;border-style:solid;margin:0;padding-left:40px\\"><img src=\\"image.png\\" style=\\"height:40px;width:40px\\"/><span style=\\"line-height:40px\\">Seonbi</span></div>"`;
